Arrived: 000
Arrived: 001
Arrived: 002
Arrived: 003
Arrived: 004
Arrived: 005
Arrived: 006
Arrived: 007
Arrived: 008
Arrived: 009
Arrived: 010
Arrived: 011
Arrived: 012
Arrived: 013
Arrived: 014
Arrived: 015
Arrived: 016
Arrived: 017
Arrived: 018
Arrived: 019
Arrived: 020
Arrived: 021
Arrived: 022
Arrived: 023
Arrived: 024
Arrived: 025
Arrived: 026
Arrived: 027
Arrived: 028
Arrived: 029
Arrived: 030
Arrived: 031
Arrived: 032
Arrived: 033
Arrived: 034
Arrived: 035
Arrived: 036
Arrived: 037
Arrived: 038
Arrived: 039
Arrived: 040
Arrived: 041
Arrived: 042
Arrived: 043
Arrived: 044
Arrived: 045
Arrived: 046
Arrived: 047
Arrived: 048
Arrived: 049
Arrived: 050
Arrived: 051
Arrived: 052
Arrived: 053
Arrived: 054
Arrived: 055
Arrived: 056
Arrived: 057
Arrived: 058
Arrived: 059
Arrived: 060
Arrived: 061
Arrived: 062
Arrived: 063
Arrived: 064
Arrived: 065
Arrived: 066
Arrived: 067
Arrived: 068
Arrived: 069
Arrived: 070
Arrived: 071
Arrived: 072
Arrived: 073
Arrived: 074
Arrived: 075
Arrived: 076
Arrived: 077
Arrived: 078
Arrived: 079
Arrived: 080
Arrived: 081
Arrived: 082
Arrived: 083
Arrived: 084
Arrived: 085
Arrived: 086
Arrived: 087
Arrived: 088
Arrived: 089
Arrived: 090
Arrived: 091
Arrived: 092
Arrived: 093
Arrived: 094
Arrived: 095
Arrived: 096
Arrived: 097
Arrived: 098
Arrived: 099
Arrived: 100
Arrived: 101
Arrived: 102
Arrived: 103
Arrived: 104
Arrived: 105
Arrived: 106
Arrived: 107
Arrived: 108
Arrived: 109
Arrived: 110
Arrived: 111
Arrived: 112
Arrived: 113
Arrived: 114
Arrived: 115
Arrived: 116
Arrived: 117
Arrived: 118
Arrived: 119
Arrived: 120
Arrived: 121
Arrived: 122
Arrived: 123
Arrived: 124
Arrived: 125
Arrived: 126
Arrived: 127
Arrived: 128
Arrived: 129
Arrived: 130
Arrived: 131
Arrived: 132
Arrived: 133
Arrived: 134
Arrived: 135
Arrived: 136
Arrived: 137
Arrived: 138
Arrived: 139
Arrived: 140
Arrived: 141
Arrived: 142
Arrived: 143
Arrived: 144
Arrived: 145
Arrived: 146
Arrived: 147
Arrived: 148
Arrived: 149
Arrived: 150
Arrived: 151
Arrived: 152
Arrived: 153
Arrived: 154
Arrived: 155
Arrived: 156
Arrived: 157
Arrived: 158
Arrived: 159
Arrived: 160
Arrived: 161
Arrived: 162
Arrived: 163
Arrived: 164
Arrived: 165
Arrived: 166
Arrived: 167
Arrived: 168
Arrived: 169
Arrived: 170
Arrived: 171
Arrived: 172
Arrived: 173
Arrived: 174
Arrived: 175
Arrived: 176
Arrived: 177
Arrived: 178
Arrived: 179
Arrived: 180
Arrived: 181
Arrived: 182
Arrived: 183
Arrived: 184
Arrived: 185
Arrived: 186
Arrived: 187
Arrived: 188
Arrived: 189
Arrived: 190
Arrived: 191
Arrived: 192
Arrived: 193
Arrived: 194
Arrived: 195
Arrived: 196
Arrived: 197
Arrived: 198
Arrived: 199
Arrived: 200
Arrived: 201
Arrived: 202
Arrived: 203
Arrived: 204
Arrived: 205
Arrived: 206
Arrived: 207
Arrived: 208
Arrived: 209
Arrived: 210
Arrived: 211
Arrived: 212
Arrived: 213
Arrived: 214
Arrived: 215
Arrived: 216
Arrived: 217
Arrived: 218
Arrived: 219
Arrived: 220
Arrived: 221
Arrived: 222
Arrived: 223
Arrived: 224
Arrived: 225
Arrived: 226
Arrived: 227
Arrived: 228
Arrived: 229
Arrived: 230
Arrived: 231
Arrived: 232
Arrived: 233
Arrived: 234
Arrived: 235
Arrived: 236
Arrived: 237
Arrived: 238
Arrived: 239
Arrived: 240
Arrived: 241
Arrived: 242
Arrived: 243
Arrived: 244
Arrived: 245
Arrived: 246
Arrived: 247
Arrived: 248
Arrived: 249
Arrived: 250
Arrived: 251
Arrived: 252
Arrived: 253
Arrived: 254
Arrived: 255
Arrived: 256
Arrived: 257
Arrived: 258
Arrived: 259
Arrived: 260
Arrived: 261
Arrived: 262
Arrived: 263
Arrived: 264
Arrived: 265
Arrived: 266
Arrived: 267
Arrived: 268
Arrived: 269
Arrived: 270
Arrived: 271
Arrived: 272
Arrived: 273
Arrived: 274
Arrived: 275
Arrived: 276
Arrived: 277
Arrived: 278
Arrived: 279
Arrived: 280
Arrived: 281
Arrived: 282
Arrived: 283
Arrived: 284
Arrived: 285
Arrived: 286
Arrived: 287
Arrived: 288
Arrived: 289
Arrived: 290
Arrived: 291
Arrived: 292
Arrived: 293
Arrived: 294
Arrived: 295
Arrived: 296
Arrived: 297
Arrived: 298
Arrived: 299
Arrived: 300
Arrived: 301
Arrived: 302
Arrived: 303
Arrived: 304
Arrived: 305
Arrived: 306
Arrived: 307
Arrived: 308
Arrived: 309
Arrived: 310
Arrived: 311
Arrived: 312
Arrived: 313
Arrived: 314
Arrived: 315
Arrived: 316
Arrived: 317
Arrived: 318
Arrived: 319
Arrived: 320
Arrived: 321
Arrived: 322
Arrived: 323
Arrived: 324
Arrived: 325
Arrived: 326
Arrived: 327
Arrived: 328
Arrived: 329
Arrived: 330
Arrived: 331
Arrived: 332
Arrived: 333
Arrived: 334
Arrived: 335
Arrived: 336
Arrived: 337
Arrived: 338
Arrived: 339
Arrived: 340
Arrived: 341
Arrived: 342
Arrived: 343
Arrived: 344
Arrived: 345
Arrived: 346
Arrived: 347
Arrived: 348
Arrived: 349
Arrived: 350
Arrived: 351
Arrived: 352
Arrived: 353
Arrived: 354
Arrived: 355
Arrived: 356
Arrived: 357
Arrived: 358
Arrived: 359
Arrived: 360
Arrived: 361
Arrived: 362
Arrived: 363
Arrived: 364
Arrived: 365
Arrived: 366
Arrived: 367
Arrived: 368
Arrived: 369
Arrived: 370
Arrived: 371
Arrived: 372
Arrived: 373
Arrived: 374
Arrived: 375
Arrived: 376
Arrived: 377
Arrived: 378
Arrived: 379
Arrived: 380
Arrived: 381
Arrived: 382
Arrived: 383
Arrived: 384
Arrived: 385
Arrived: 386
Arrived: 387
Arrived: 388
Arrived: 389
Arrived: 390
Arrived: 391
Arrived: 392
Arrived: 393
Arrived: 394
Arrived: 395
Arrived: 396
Arrived: 397
Arrived: 398
Arrived: 399
Arrived: 400
Arrived: 401
Arrived: 402
Arrived: 403
Arrived: 404
Arrived: 405
Arrived: 406
Arrived: 407
Arrived: 408
Arrived: 409
Arrived: 410
Arrived: 411
Arrived: 412
Arrived: 413
Arrived: 414
Arrived: 415
Arrived: 416
Arrived: 417
Arrived: 418
Arrived: 419
Arrived: 420
Arrived: 421
Arrived: 422
Arrived: 423
Arrived: 424
Arrived: 425
Arrived: 426
Arrived: 427
Arrived: 428
Arrived: 429
Arrived: 430
Arrived: 431
Arrived: 432
Arrived: 433
Arrived: 434
Arrived: 435
Arrived: 436
Arrived: 437
Arrived: 438
Arrived: 439
Arrived: 440
Arrived: 441
Arrived: 442
Arrived: 443
Arrived: 444
Arrived: 445
Arrived: 446
Arrived: 447
Arrived: 448
Arrived: 449
Arrived: 450
Arrived: 451
Arrived: 452
Arrived: 453
Arrived: 454
Arrived: 455
Arrived: 456
Arrived: 457
Arrived: 458
Arrived: 459
Arrived: 460
Arrived: 461
Arrived: 462
Arrived: 463
Arrived: 464
Arrived: 465
Arrived: 466
Arrived: 467
Arrived: 468
Arrived: 469
Arrived: 470
Arrived: 471
Arrived: 472
Arrived: 473
Arrived: 474
Arrived: 475
Arrived: 476
Arrived: 477
Arrived: 478
Arrived: 479
Arrived: 480
Arrived: 481
Arrived: 482
Arrived: 483
Arrived: 484
Arrived: 485
Arrived: 486
Arrived: 487
Arrived: 488
Arrived: 489
Arrived: 490
Arrived: 491
Arrived: 492
Arrived: 493
Arrived: 494
Arrived: 495
Arrived: 496
Arrived: 497
Arrived: 498
Arrived: 499
Arrived: 500
Arrived: 501
Arrived: 502
Arrived: 503
Arrived: 504
Arrived: 505
Arrived: 506
Arrived: 507
Arrived: 508
Arrived: 509
Arrived: 510
Arrived: 511
Arrived: 512
Arrived: 513
Arrived: 514
Arrived: 515
Arrived: 516
Arrived: 517
Arrived: 518
Arrived: 519
Arrived: 520
Arrived: 521
Arrived: 522
Arrived: 523
Arrived: 524
Arrived: 525
Arrived: 526
Arrived: 527
Arrived: 528
Arrived: 529
Arrived: 530
Arrived: 531
Arrived: 532
Arrived: 533
Arrived: 534
Arrived: 535
Arrived: 536
Arrived: 537
Arrived: 538
Arrived: 539
Arrived: 540
Arrived: 541
Arrived: 542
Arrived: 543
Arrived: 544
Arrived: 545
Arrived: 546
Arrived: 547
Arrived: 548
Arrived: 549
Arrived: 550
Arrived: 551
Arrived: 552
Arrived: 553
Arrived: 554
Arrived: 555
Arrived: 556
Arrived: 557
Arrived: 558
Arrived: 559
Arrived: 560
Arrived: 561
Arrived: 562
Arrived: 563
Arrived: 564
Arrived: 565
Arrived: 566
Arrived: 567
Arrived: 568
Arrived: 569
Arrived: 570
Arrived: 571
Arrived: 572
Arrived: 573
Arrived: 574
Arrived: 575
Arrived: 576
Arrived: 577
Arrived: 578
Arrived: 579
Arrived: 580
Arrived: 581
Arrived: 582
Arrived: 583
Arrived: 584
Arrived: 585
Arrived: 586
Arrived: 587
Arrived: 588
Arrived: 589
Arrived: 590
Arrived: 591
Arrived: 592
Arrived: 593
Arrived: 594
Arrived: 595
Arrived: 596
Arrived: 597
Arrived: 598
Arrived: 599
Arrived: 600
Arrived: 601
Arrived: 602
Arrived: 603
Arrived: 604
Arrived: 605
Arrived: 606
Arrived: 607
Arrived: 608
Arrived: 609
Arrived: 610
Arrived: 611
Arrived: 612
Arrived: 613
Arrived: 614
Arrived: 615
Arrived: 616
Arrived: 617
Arrived: 618
Arrived: 619
Arrived: 620
Arrived: 621
Arrived: 622
Arrived: 623
Arrived: 624
Arrived: 625
Arrived: 626
Arrived: 627
Arrived: 628
Arrived: 629
Arrived: 630
Arrived: 631
Arrived: 632
Arrived: 633
Arrived: 634
Arrived: 635
Arrived: 636
Arrived: 637
Arrived: 638
Arrived: 639
Arrived: 640
Arrived: 641
Arrived: 642
Arrived: 643
Arrived: 644
Arrived: 645
Arrived: 646
Arrived: 647
Arrived: 648
Arrived: 649
Arrived: 650
Arrived: 651
Arrived: 652
Arrived: 653
Arrived: 654
Arrived: 655
Arrived: 656
Arrived: 657
Arrived: 658
Arrived: 659
Arrived: 660
Arrived: 661
Arrived: 662
Arrived: 663
Arrived: 664
Arrived: 665
Arrived: 666
Arrived: 667
Arrived: 668
Arrived: 669
Arrived: 670
Arrived: 671
Arrived: 672
Arrived: 673
Arrived: 674
Arrived: 675
Arrived: 676
Arrived: 677
Arrived: 678
Arrived: 679
Arrived: 680
Arrived: 681
Arrived: 682
Arrived: 683
Arrived: 684
Arrived: 685
Arrived: 686
Arrived: 687
Arrived: 688
Arrived: 689
Arrived: 690
Arrived: 691
Arrived: 692
Arrived: 693
Arrived: 694
Arrived: 695
Arrived: 696
Arrived: 697
Arrived: 698
Arrived: 699
Arrived: 700
Arrived: 701
Arrived: 702
Arrived: 703
Arrived: 704
Arrived: 705
Arrived: 706
Arrived: 707
Arrived: 708
Arrived: 709
Arrived: 710
Arrived: 711
Arrived: 712
Arrived: 713
Arrived: 714
Arrived: 715
Arrived: 716
Arrived: 717
Arrived: 718
Arrived: 719
Arrived: 720
Arrived: 721
Arrived: 722
Arrived: 723
Arrived: 724
Arrived: 725
Arrived: 726
Arrived: 727
Arrived: 728
Arrived: 729
Arrived: 730
Arrived: 731
Arrived: 732
Arrived: 733
Arrived: 734
Arrived: 735
Arrived: 736
Arrived: 737
Arrived: 738
Arrived: 739
Arrived: 740
Arrived: 741
Arrived: 742
Arrived: 743
Arrived: 744
Arrived: 745
Arrived: 746
Arrived: 747
Arrived: 748
Arrived: 749
Arrived: 750
Arrived: 751
Arrived: 752
Arrived: 753
Arrived: 754
Arrived: 755
Arrived: 756
Arrived: 757
Arrived: 758
Arrived: 759
Arrived: 760
Arrived: 761
Arrived: 762
Arrived: 763
Arrived: 764
Arrived: 765
Arrived: 766
Arrived: 767
Arrived: 768
Arrived: 769
Arrived: 770
Arrived: 771
Arrived: 772
Arrived: 773
Arrived: 774
Arrived: 775
Arrived: 776
Arrived: 777
Arrived: 778
Arrived: 779
Arrived: 780
Arrived: 781
Arrived: 782
Arrived: 783
Arrived: 784
Arrived: 785
Arrived: 786
Arrived: 787
Arrived: 788
Arrived: 789
Arrived: 790
Arrived: 791
Arrived: 792
Arrived: 793
Arrived: 794
Arrived: 795
Arrived: 796
Arrived: 797
Arrived: 798
Arrived: 799
Arrived: 800
Arrived: 801
Arrived: 802
Arrived: 803
Arrived: 804
Arrived: 805
Arrived: 806
Arrived: 807
Arrived: 808
Arrived: 809
Arrived: 810
Arrived: 811
Arrived: 812
Arrived: 813
Arrived: 814
Arrived: 815
Arrived: 816
Arrived: 817
Arrived: 818
Arrived: 819
Arrived: 820
Arrived: 821
Arrived: 822
Arrived: 823
Arrived: 824
Arrived: 825
Arrived: 826
Arrived: 827
Arrived: 828
Arrived: 829
Arrived: 830
Arrived: 831
Arrived: 832
Arrived: 833
Arrived: 834
Arrived: 835
Arrived: 836
Arrived: 837
Arrived: 838
Arrived: 839
Arrived: 840
Arrived: 841
Arrived: 842
Arrived: 843
Arrived: 844
Arrived: 845
Arrived: 846
Arrived: 847
Arrived: 848
Arrived: 849
Arrived: 850
Arrived: 851
Arrived: 852
Arrived: 853
Arrived: 854
Arrived: 855
Arrived: 856
Arrived: 857
Arrived: 858
Arrived: 859
Arrived: 860
Arrived: 861
Arrived: 862
Arrived: 863
Arrived: 864
Arrived: 865
Arrived: 866
Arrived: 867
Arrived: 868
Arrived: 869
Arrived: 870
Arrived: 871
Arrived: 872
Arrived: 873
Arrived: 874
Arrived: 875
Arrived: 876
Arrived: 877
Arrived: 878
Arrived: 879
Arrived: 880
Arrived: 881
Arrived: 882
Arrived: 883
Arrived: 884
Arrived: 885
Arrived: 886
Arrived: 887
Arrived: 888
Arrived: 889
Arrived: 890
Arrived: 891
Arrived: 892
Arrived: 893
Arrived: 894
Arrived: 895
Arrived: 896
Arrived: 897
Arrived: 898
Arrived: 899
Arrived: 900
Arrived: 901
Arrived: 902
Arrived: 903
Arrived: 904
Arrived: 905
Arrived: 906
Arrived: 907
Arrived: 908
Arrived: 909
Arrived: 910
Arrived: 911
Arrived: 912
Arrived: 913
Arrived: 914
Arrived: 915
Arrived: 916
Arrived: 917
Arrived: 918
Arrived: 919
Arrived: 920
Arrived: 921
Arrived: 922
Arrived: 923
Arrived: 924
Arrived: 925
Arrived: 926
Arrived: 927
Arrived: 928
Arrived: 929
Arrived: 930
Arrived: 931
Arrived: 932
Arrived: 933
Arrived: 934
Arrived: 935
Arrived: 936
Arrived: 937
Arrived: 938
Arrived: 939
Arrived: 940
Arrived: 941
Arrived: 942
Arrived: 943
Arrived: 944
Arrived: 945
Arrived: 946
Arrived: 947
Arrived: 948
Arrived: 949
Arrived: 950
Arrived: 951
Arrived: 952
Arrived: 953
Arrived: 954
Arrived: 955
Arrived: 956
Arrived: 957
Arrived: 958
Arrived: 959
Arrived: 960
Arrived: 961
Arrived: 962
Arrived: 963
Arrived: 964
Arrived: 965
Arrived: 966
Arrived: 967
Arrived: 968
Arrived: 969
Arrived: 970
Arrived: 971
Arrived: 972
Arrived: 973
Arrived: 974
Arrived: 975
Arrived: 976
Arrived: 977
Arrived: 978
Arrived: 979
Arrived: 980
Arrived: 981
Arrived: 982
Arrived: 983
Arrived: 984
Arrived: 985
Arrived: 986
Arrived: 987
Arrived: 988
Arrived: 989
Arrived: 990
Arrived: 991
Arrived: 992
Arrived: 993
Arrived: 994
Arrived: 995
Arrived: 996
Arrived: 997
Arrived: 998
Arrived: 999
Left: 000
Left: 001
Left: 002
Left: 003
Left: 004
Left: 005
Left: 006
Left: 007
Left: 008
Left: 009
Left: 010
Left: 011
Left: 012
Left: 013
Left: 014
Left: 015
Left: 016
Left: 017
Left: 018
Left: 019
Left: 020
Left: 021
Left: 022
Left: 023
Left: 024
Left: 025
Left: 026
Left: 027
Left: 028
Left: 029
Left: 030
Left: 031
Left: 032
Left: 033
Left: 034
Left: 035
Left: 036
Left: 037
Left: 038
Left: 039
Left: 040
Left: 041
Left: 042
Left: 043
Left: 044
Left: 045
Left: 046
Left: 047
Left: 048
Left: 049
Left: 050
Left: 051
Left: 052
Left: 053
Left: 054
Left: 055
Left: 056
Left: 057
Left: 058
Left: 059
Left: 060
Left: 061
Left: 062
Left: 063
Left: 064
Left: 065
Left: 066
Left: 067
Left: 068
Left: 069
Left: 070
Left: 071
Left: 072
Left: 073
Left: 074
Left: 075
Left: 076
Left: 077
Left: 078
Left: 079
Left: 080
Left: 081
Left: 082
Left: 083
Left: 084
Left: 085
Left: 086
Left: 087
Left: 088
Left: 089
Left: 090
Left: 091
Left: 092
Left: 093
Left: 094
Left: 095
Left: 096
Left: 097
Left: 098
Left: 099
Left: 100
Left: 101
Left: 102
Left: 103
Left: 104
Left: 105
Left: 106
Left: 107
Left: 108
Left: 109
Left: 110
Left: 111
Left: 112
Left: 113
Left: 114
Left: 115
Left: 116
Left: 117
Left: 118
Left: 119
Left: 120
Left: 121
Left: 122
Left: 123
Left: 124
Left: 125
Left: 126
Left: 127
Left: 128
Left: 129
Left: 130
Left: 131
Left: 132
Left: 133
Left: 134
Left: 135
Left: 136
Left: 137
Left: 138
Left: 139
Left: 140
Left: 141
Left: 142
Left: 143
Left: 144
Left: 145
Left: 146
Left: 147
Left: 148
Left: 149
Left: 150
Left: 151
Left: 152
Left: 153
Left: 154
Left: 155
Left: 156
Left: 157
Left: 158
Left: 159
Left: 160
Left: 161
Left: 162
Left: 163
Left: 164
Left: 165
Left: 166
Left: 167
Left: 168
Left: 169
Left: 170
Left: 171
Left: 172
Left: 173
Left: 174
Left: 175
Left: 176
Left: 177
Left: 178
Left: 179
Left: 180
Left: 181
Left: 182
Left: 183
Left: 184
Left: 185
Left: 186
Left: 187
Left: 188
Left: 189
Left: 190
Left: 191
Left: 192
Left: 193
Left: 194
Left: 195
Left: 196
Left: 197
Left: 198
Left: 199
Left: 200
Left: 201
Left: 202
Left: 203
Left: 204
Left: 205
Left: 206
Left: 207
Left: 208
Left: 209
Left: 210
Left: 211
Left: 212
Left: 213
Left: 214
Left: 215
Left: 216
Left: 217
Left: 218
Left: 219
Left: 220
Left: 221
Left: 222
Left: 223
Left: 224
Left: 225
Left: 226
Left: 227
Left: 228
Left: 229
Left: 230
Left: 231
Left: 232
Left: 233
Left: 234
Left: 235
Left: 236
Left: 237
Left: 238
Left: 239
Left: 240
Left: 241
Left: 242
Left: 243
Left: 244
Left: 245
Left: 246
Left: 247
Left: 248
Left: 249
Left: 250
Left: 251
Left: 252
Left: 253
Left: 254
Left: 255
Left: 256
Left: 257
Left: 258
Left: 259
Left: 260
Left: 261
Left: 262
Left: 263
Left: 264
Left: 265
Left: 266
Left: 267
Left: 268
Left: 269
Left: 270
Left: 271
Left: 272
Left: 273
Left: 274
Left: 275
Left: 276
Left: 277
Left: 278
Left: 279
Left: 280
Left: 281
Left: 282
Left: 283
Left: 284
Left: 285
Left: 286
Left: 287
Left: 288
Left: 289
Left: 290
Left: 291
Left: 292
Left: 293
Left: 294
Left: 295
Left: 296
Left: 297
Left: 298
Left: 299
Left: 300
Left: 301
Left: 302
Left: 303
Left: 304
Left: 305
Left: 306
Left: 307
Left: 308
Left: 309
Left: 310
Left: 311
Left: 312
Left: 313
Left: 314
Left: 315
Left: 316
Left: 317
Left: 318
Left: 319
Left: 320
Left: 321
Left: 322
Left: 323
Left: 324
Left: 325
Left: 326
Left: 327
Left: 328
Left: 329
Left: 330
Left: 331
Left: 332
Left: 333
Left: 334
Left: 335
Left: 336
Left: 337
Left: 338
Left: 339
Left: 340
Left: 341
Left: 342
Left: 343
Left: 344
Left: 345
Left: 346
Left: 347
Left: 348
Left: 349
Left: 350
Left: 351
Left: 352
Left: 353
Left: 354
Left: 355
Left: 356
Left: 357
Left: 358
Left: 359
Left: 360
Left: 361
Left: 362
Left: 363
Left: 364
Left: 365
Left: 366
Left: 367
Left: 368
Left: 369
Left: 370
Left: 371
Left: 372
Left: 373
Left: 374
Left: 375
Left: 376
Left: 377
Left: 378
Left: 379
Left: 380
Left: 381
Left: 382
Left: 383
Left: 384
Left: 385
Left: 386
Left: 387
Left: 388
Left: 389
Left: 390
Left: 391
Left: 392
Left: 393
Left: 394
Left: 395
Left: 396
Left: 397
Left: 398
Left: 399
Left: 400
Left: 401
Left: 402
Left: 403
Left: 404
Left: 405
Left: 406
Left: 407
Left: 408
Left: 409
Left: 410
Left: 411
Left: 412
Left: 413
Left: 414
Left: 415
Left: 416
Left: 417
Left: 418
Left: 419
Left: 420
Left: 421
Left: 422
Left: 423
Left: 424
Left: 425
Left: 426
Left: 427
Left: 428
Left: 429
Left: 430
Left: 431
Left: 432
Left: 433
Left: 434
Left: 435
Left: 436
Left: 437
Left: 438
Left: 439
Left: 440
Left: 441
Left: 442
Left: 443
Left: 444
Left: 445
Left: 446
Left: 447
Left: 448
Left: 449
Left: 450
Left: 451
Left: 452
Left: 453
Left: 454
Left: 455
Left: 456
Left: 457
Left: 458
Left: 459
Left: 460
Left: 461
Left: 462
Left: 463
Left: 464
Left: 465
Left: 466
Left: 467
Left: 468
Left: 469
Left: 470
Left: 471
Left: 472
Left: 473
Left: 474
Left: 475
Left: 476
Left: 477
Left: 478
Left: 479
Left: 480
Left: 481
Left: 482
Left: 483
Left: 484
Left: 485
Left: 486
Left: 487
Left: 488
Left: 489
Left: 490
Left: 491
Left: 492
Left: 493
Left: 494
Left: 495
Left: 496
Left: 497
Left: 498
Left: 499
Left: 500
Left: 501
Left: 502
Left: 503
Left: 504
Left: 505
Left: 506
Left: 507
Left: 508
Left: 509
Left: 510
Left: 511
Left: 512
Left: 513
Left: 514
Left: 515
Left: 516
Left: 517
Left: 518
Left: 519
Left: 520
Left: 521
Left: 522
Left: 523
Left: 524
Left: 525
Left: 526
Left: 527
Left: 528
Left: 529
Left: 530
Left: 531
Left: 532
Left: 533
Left: 534
Left: 535
Left: 536
Left: 537
Left: 538
Left: 539
Left: 540
Left: 541
Left: 542
Left: 543
Left: 544
Left: 545
Left: 546
Left: 547
Left: 548
Left: 549
Left: 550
Left: 551
Left: 552
Left: 553
Left: 554
Left: 555
Left: 556
Left: 557
Left: 558
Left: 559
Left: 560
Left: 561
Left: 562
Left: 563
Left: 564
Left: 565
Left: 566
Left: 567
Left: 568
Left: 569
Left: 570
Left: 571
Left: 572
Left: 573
Left: 574
Left: 575
Left: 576
Left: 577
Left: 578
Left: 579
Left: 580
Left: 581
Left: 582
Left: 583
Left: 584
Left: 585
Left: 586
Left: 587
Left: 588
Left: 589
Left: 590
Left: 591
Left: 592
Left: 593
Left: 594
Left: 595
Left: 596
Left: 597
Left: 598
Left: 599
Left: 600
Left: 601
Left: 602
Left: 603
Left: 604
Left: 605
Left: 606
Left: 607
Left: 608
Left: 609
Left: 610
Left: 611
Left: 612
Left: 613
Left: 614
Left: 615
Left: 616
Left: 617
Left: 618
Left: 619
Left: 620
Left: 621
Left: 622
Left: 623
Left: 624
Left: 625
Left: 626
Left: 627
Left: 628
Left: 629
Left: 630
Left: 631
Left: 632
Left: 633
Left: 634
Left: 635
Left: 636
Left: 637
Left: 638
Left: 639
Left: 640
Left: 641
Left: 642
Left: 643
Left: 644
Left: 645
Left: 646
Left: 647
Left: 648
Left: 649
Left: 650
Left: 651
Left: 652
Left: 653
Left: 654
Left: 655
Left: 656
Left: 657
Left: 658
Left: 659
Left: 660
Left: 661
Left: 662
Left: 663
Left: 664
Left: 665
Left: 666
Left: 667
Left: 668
Left: 669
Left: 670
Left: 671
Left: 672
Left: 673
Left: 674
Left: 675
Left: 676
Left: 677
Left: 678
Left: 679
Left: 680
Left: 681
Left: 682
Left: 683
Left: 684
Left: 685
Left: 686
Left: 687
Left: 688
Left: 689
Left: 690
Left: 691
Left: 692
Left: 693
Left: 694
Left: 695
Left: 696
Left: 697
Left: 698
Left: 699
Left: 700
Left: 701
Left: 702
Left: 703
Left: 704
Left: 705
Left: 706
Left: 707
Left: 708
Left: 709
Left: 710
Left: 711
Left: 712
Left: 713
Left: 714
Left: 715
Left: 716
Left: 717
Left: 718
Left: 719
Left: 720
Left: 721
Left: 722
Left: 723
Left: 724
Left: 725
Left: 726
Left: 727
Left: 728
Left: 729
Left: 730
Left: 731
Left: 732
Left: 733
Left: 734
Left: 735
Left: 736
Left: 737
Left: 738
Left: 739
Left: 740
Left: 741
Left: 742
Left: 743
Left: 744
Left: 745
Left: 746
Left: 747
Left: 748
Left: 749
Left: 750
Left: 751
Left: 752
Left: 753
Left: 754
Left: 755
Left: 756
Left: 757
Left: 758
Left: 759
Left: 760
Left: 761
Left: 762
Left: 763
Left: 764
Left: 765
Left: 766
Left: 767
Left: 768
Left: 769
Left: 770
Left: 771
Left: 772
Left: 773
Left: 774
Left: 775
Left: 776
Left: 777
Left: 778
Left: 779
Left: 780
Left: 781
Left: 782
Left: 783
Left: 784
Left: 785
Left: 786
Left: 787
Left: 788
Left: 789
Left: 790
Left: 791
Left: 792
Left: 793
Left: 794
Left: 795
Left: 796
Left: 797
Left: 798
Left: 799
Left: 800
Left: 801
Left: 802
Left: 803
Left: 804
Left: 805
Left: 806
Left: 807
Left: 808
Left: 809
Left: 810
Left: 811
Left: 812
Left: 813
Left: 814
Left: 815
Left: 816
Left: 817
Left: 818
Left: 819
Left: 820
Left: 821
Left: 822
Left: 823
Left: 824
Left: 825
Left: 826
Left: 827
Left: 828
Left: 829
Left: 830
Left: 831
Left: 832
Left: 833
Left: 834
Left: 835
Left: 836
Left: 837
Left: 838
Left: 839
Left: 840
Left: 841
Left: 842
Left: 843
Left: 844
Left: 845
Left: 846
Left: 847
Left: 848
Left: 849
Left: 850
Left: 851
Left: 852
Left: 853
Left: 854
Left: 855
Left: 856
Left: 857
Left: 858
Left: 859
Left: 860
Left: 861
Left: 862
Left: 863
Left: 864
Left: 865
Left: 866
Left: 867
Left: 868
Left: 869
Left: 870
Left: 871
Left: 872
Left: 873
Left: 874
Left: 875
Left: 876
Left: 877
Left: 878
Left: 879
Left: 880
Left: 881
Left: 882
Left: 883
Left: 884
Left: 885
Left: 886
Left: 887
Left: 888
Left: 889
Left: 890
Left: 891
Left: 892
Left: 893
Left: 894
Left: 895
Left: 896
Left: 897
Left: 898
Left: 899
Left: 900
Left: 901
Left: 902
Left: 903
Left: 904
Left: 905
Left: 906
Left: 907
Left: 908
Left: 909
Left: 910
Left: 911
Left: 912
Left: 913
Left: 914
Left: 915
Left: 916
Left: 917
Left: 918
Left: 919
Left: 920
Left: 921
Left: 922
Left: 923
Left: 924
Left: 925
Left: 926
Left: 927
Left: 928
Left: 929
Left: 930
Left: 931
Left: 932
Left: 933
Left: 934
Left: 935
Left: 936
Left: 937
Left: 938
Left: 939
Left: 940
Left: 941
Left: 942
Left: 943
Left: 944
Left: 945
Left: 946
Left: 947
Left: 948
Left: 949
Left: 950
Left: 951
Left: 952
Left: 953
Left: 954
Left: 955
Left: 956
Left: 957
Left: 958
Left: 959
Left: 960
Left: 961
Left: 962
Left: 963
Left: 964
Left: 965
Left: 966
Left: 967
Left: 968
Left: 969
Left: 970
Left: 971
Left: 972
Left: 973
Left: 974
Left: 975
Left: 976
Left: 977
Left: 978
Left: 979
Left: 980
Left: 981
Left: 982
Left: 983
Left: 984
Left: 985
Left: 986
Left: 987
Left: 988
Left: 989
Left: 990
Left: 991
Left: 992
Left: 993
Left: 994
Left: 995
Left: 996
Left: 997
Left: 998
Left: 999
