CHECK: P ins=48  %22 = icmp ule i32 %21, 1, !dbg !59, !ins_id !73 ; <i1> [#uses=1]
CHECK: P ins=49  br i1 %22, label %bb6, label %bb8, !dbg !59, !ins_id !74
CHECK: L idx=35 ins=50 sync tern_thread_end() turn = 10 call void @tern_exit(i32 50, i32 0), !dbg !75, !ins_id !76
