000 RUNS
001 RUNS
002 RUNS
003 RUNS
004 RUNS
005 RUNS
006 RUNS
007 RUNS
008 RUNS
009 RUNS
010 RUNS
011 RUNS
012 RUNS
013 RUNS
014 RUNS
015 RUNS
016 RUNS
017 RUNS
018 RUNS
019 RUNS
020 RUNS
021 RUNS
022 RUNS
023 RUNS
024 RUNS
025 RUNS
026 RUNS
027 RUNS
028 RUNS
029 RUNS
030 RUNS
031 RUNS
032 RUNS
033 RUNS
034 RUNS
035 RUNS
036 RUNS
037 RUNS
038 RUNS
039 RUNS
040 RUNS
041 RUNS
042 RUNS
043 RUNS
044 RUNS
045 RUNS
046 RUNS
047 RUNS
048 RUNS
049 RUNS
050 RUNS
051 RUNS
052 RUNS
053 RUNS
054 RUNS
055 RUNS
056 RUNS
057 RUNS
058 RUNS
059 RUNS
060 RUNS
061 RUNS
062 RUNS
063 RUNS
064 RUNS
065 RUNS
066 RUNS
067 RUNS
068 RUNS
069 RUNS
070 RUNS
071 RUNS
072 RUNS
073 RUNS
074 RUNS
075 RUNS
076 RUNS
077 RUNS
078 RUNS
079 RUNS
080 RUNS
081 RUNS
082 RUNS
083 RUNS
084 RUNS
085 RUNS
086 RUNS
087 RUNS
088 RUNS
089 RUNS
090 RUNS
091 RUNS
092 RUNS
093 RUNS
094 RUNS
095 RUNS
096 RUNS
097 RUNS
098 RUNS
099 RUNS
100 RUNS
101 RUNS
102 RUNS
103 RUNS
104 RUNS
105 RUNS
106 RUNS
107 RUNS
108 RUNS
109 RUNS
110 RUNS
111 RUNS
112 RUNS
113 RUNS
114 RUNS
115 RUNS
116 RUNS
117 RUNS
118 RUNS
119 RUNS
120 RUNS
121 RUNS
122 RUNS
123 RUNS
124 RUNS
125 RUNS
126 RUNS
127 RUNS
128 RUNS
129 RUNS
130 RUNS
131 RUNS
132 RUNS
133 RUNS
134 RUNS
135 RUNS
136 RUNS
137 RUNS
138 RUNS
139 RUNS
140 RUNS
141 RUNS
142 RUNS
143 RUNS
144 RUNS
145 RUNS
146 RUNS
147 RUNS
148 RUNS
149 RUNS
150 RUNS
151 RUNS
152 RUNS
153 RUNS
154 RUNS
155 RUNS
156 RUNS
157 RUNS
158 RUNS
159 RUNS
160 RUNS
161 RUNS
162 RUNS
163 RUNS
164 RUNS
165 RUNS
166 RUNS
167 RUNS
168 RUNS
169 RUNS
170 RUNS
171 RUNS
172 RUNS
173 RUNS
174 RUNS
175 RUNS
176 RUNS
177 RUNS
178 RUNS
179 RUNS
180 RUNS
181 RUNS
182 RUNS
183 RUNS
184 RUNS
185 RUNS
186 RUNS
187 RUNS
188 RUNS
189 RUNS
190 RUNS
191 RUNS
192 RUNS
193 RUNS
194 RUNS
195 RUNS
196 RUNS
197 RUNS
198 RUNS
199 RUNS
200 RUNS
201 RUNS
202 RUNS
203 RUNS
204 RUNS
205 RUNS
206 RUNS
207 RUNS
208 RUNS
209 RUNS
210 RUNS
211 RUNS
212 RUNS
213 RUNS
214 RUNS
215 RUNS
216 RUNS
217 RUNS
218 RUNS
219 RUNS
220 RUNS
221 RUNS
222 RUNS
223 RUNS
224 RUNS
225 RUNS
226 RUNS
227 RUNS
228 RUNS
229 RUNS
230 RUNS
231 RUNS
232 RUNS
233 RUNS
234 RUNS
235 RUNS
236 RUNS
237 RUNS
238 RUNS
239 RUNS
240 RUNS
241 RUNS
242 RUNS
243 RUNS
244 RUNS
245 RUNS
246 RUNS
247 RUNS
248 RUNS
249 RUNS
250 RUNS
251 RUNS
252 RUNS
253 RUNS
254 RUNS
255 RUNS
256 RUNS
257 RUNS
258 RUNS
259 RUNS
260 RUNS
261 RUNS
262 RUNS
263 RUNS
264 RUNS
265 RUNS
266 RUNS
267 RUNS
268 RUNS
269 RUNS
270 RUNS
271 RUNS
272 RUNS
273 RUNS
274 RUNS
275 RUNS
276 RUNS
277 RUNS
278 RUNS
279 RUNS
280 RUNS
281 RUNS
282 RUNS
283 RUNS
284 RUNS
285 RUNS
286 RUNS
287 RUNS
288 RUNS
289 RUNS
290 RUNS
291 RUNS
292 RUNS
293 RUNS
294 RUNS
295 RUNS
296 RUNS
297 RUNS
298 RUNS
299 RUNS
300 RUNS
301 RUNS
302 RUNS
303 RUNS
304 RUNS
305 RUNS
306 RUNS
307 RUNS
308 RUNS
309 RUNS
310 RUNS
311 RUNS
312 RUNS
313 RUNS
314 RUNS
315 RUNS
316 RUNS
317 RUNS
318 RUNS
319 RUNS
320 RUNS
321 RUNS
322 RUNS
323 RUNS
324 RUNS
325 RUNS
326 RUNS
327 RUNS
328 RUNS
329 RUNS
330 RUNS
331 RUNS
332 RUNS
333 RUNS
334 RUNS
335 RUNS
336 RUNS
337 RUNS
338 RUNS
339 RUNS
340 RUNS
341 RUNS
342 RUNS
343 RUNS
344 RUNS
345 RUNS
346 RUNS
347 RUNS
348 RUNS
349 RUNS
350 RUNS
351 RUNS
352 RUNS
353 RUNS
354 RUNS
355 RUNS
356 RUNS
357 RUNS
358 RUNS
359 RUNS
360 RUNS
361 RUNS
362 RUNS
363 RUNS
364 RUNS
365 RUNS
366 RUNS
367 RUNS
368 RUNS
369 RUNS
370 RUNS
371 RUNS
372 RUNS
373 RUNS
374 RUNS
375 RUNS
376 RUNS
377 RUNS
378 RUNS
379 RUNS
380 RUNS
381 RUNS
382 RUNS
383 RUNS
384 RUNS
385 RUNS
386 RUNS
387 RUNS
388 RUNS
389 RUNS
390 RUNS
391 RUNS
392 RUNS
393 RUNS
394 RUNS
395 RUNS
396 RUNS
397 RUNS
398 RUNS
399 RUNS
400 RUNS
401 RUNS
402 RUNS
403 RUNS
404 RUNS
405 RUNS
406 RUNS
407 RUNS
408 RUNS
409 RUNS
410 RUNS
411 RUNS
412 RUNS
413 RUNS
414 RUNS
415 RUNS
416 RUNS
417 RUNS
418 RUNS
419 RUNS
420 RUNS
421 RUNS
422 RUNS
423 RUNS
424 RUNS
425 RUNS
426 RUNS
427 RUNS
428 RUNS
429 RUNS
430 RUNS
431 RUNS
432 RUNS
433 RUNS
434 RUNS
435 RUNS
436 RUNS
437 RUNS
438 RUNS
439 RUNS
440 RUNS
441 RUNS
442 RUNS
443 RUNS
444 RUNS
445 RUNS
446 RUNS
447 RUNS
448 RUNS
449 RUNS
450 RUNS
451 RUNS
452 RUNS
453 RUNS
454 RUNS
455 RUNS
456 RUNS
457 RUNS
458 RUNS
459 RUNS
460 RUNS
461 RUNS
462 RUNS
463 RUNS
464 RUNS
465 RUNS
466 RUNS
467 RUNS
468 RUNS
469 RUNS
470 RUNS
471 RUNS
472 RUNS
473 RUNS
474 RUNS
475 RUNS
476 RUNS
477 RUNS
478 RUNS
479 RUNS
480 RUNS
481 RUNS
482 RUNS
483 RUNS
484 RUNS
485 RUNS
486 RUNS
487 RUNS
488 RUNS
489 RUNS
490 RUNS
491 RUNS
492 RUNS
493 RUNS
494 RUNS
495 RUNS
496 RUNS
497 RUNS
498 RUNS
499 RUNS
500 RUNS
501 RUNS
502 RUNS
503 RUNS
504 RUNS
505 RUNS
506 RUNS
507 RUNS
508 RUNS
509 RUNS
510 RUNS
511 RUNS
512 RUNS
513 RUNS
514 RUNS
515 RUNS
516 RUNS
517 RUNS
518 RUNS
519 RUNS
520 RUNS
521 RUNS
522 RUNS
523 RUNS
524 RUNS
525 RUNS
526 RUNS
527 RUNS
528 RUNS
529 RUNS
530 RUNS
531 RUNS
532 RUNS
533 RUNS
534 RUNS
535 RUNS
536 RUNS
537 RUNS
538 RUNS
539 RUNS
540 RUNS
541 RUNS
542 RUNS
543 RUNS
544 RUNS
545 RUNS
546 RUNS
547 RUNS
548 RUNS
549 RUNS
550 RUNS
551 RUNS
552 RUNS
553 RUNS
554 RUNS
555 RUNS
556 RUNS
557 RUNS
558 RUNS
559 RUNS
560 RUNS
561 RUNS
562 RUNS
563 RUNS
564 RUNS
565 RUNS
566 RUNS
567 RUNS
568 RUNS
569 RUNS
570 RUNS
571 RUNS
572 RUNS
573 RUNS
574 RUNS
575 RUNS
576 RUNS
577 RUNS
578 RUNS
579 RUNS
580 RUNS
581 RUNS
582 RUNS
583 RUNS
584 RUNS
585 RUNS
586 RUNS
587 RUNS
588 RUNS
589 RUNS
590 RUNS
591 RUNS
592 RUNS
593 RUNS
594 RUNS
595 RUNS
596 RUNS
597 RUNS
598 RUNS
599 RUNS
600 RUNS
601 RUNS
602 RUNS
603 RUNS
604 RUNS
605 RUNS
606 RUNS
607 RUNS
608 RUNS
609 RUNS
610 RUNS
611 RUNS
612 RUNS
613 RUNS
614 RUNS
615 RUNS
616 RUNS
617 RUNS
618 RUNS
619 RUNS
620 RUNS
621 RUNS
622 RUNS
623 RUNS
624 RUNS
625 RUNS
626 RUNS
627 RUNS
628 RUNS
629 RUNS
630 RUNS
631 RUNS
632 RUNS
633 RUNS
634 RUNS
635 RUNS
636 RUNS
637 RUNS
638 RUNS
639 RUNS
640 RUNS
641 RUNS
642 RUNS
643 RUNS
644 RUNS
645 RUNS
646 RUNS
647 RUNS
648 RUNS
649 RUNS
650 RUNS
651 RUNS
652 RUNS
653 RUNS
654 RUNS
655 RUNS
656 RUNS
657 RUNS
658 RUNS
659 RUNS
660 RUNS
661 RUNS
662 RUNS
663 RUNS
664 RUNS
665 RUNS
666 RUNS
667 RUNS
668 RUNS
669 RUNS
670 RUNS
671 RUNS
672 RUNS
673 RUNS
674 RUNS
675 RUNS
676 RUNS
677 RUNS
678 RUNS
679 RUNS
680 RUNS
681 RUNS
682 RUNS
683 RUNS
684 RUNS
685 RUNS
686 RUNS
687 RUNS
688 RUNS
689 RUNS
690 RUNS
691 RUNS
692 RUNS
693 RUNS
694 RUNS
695 RUNS
696 RUNS
697 RUNS
698 RUNS
699 RUNS
700 RUNS
701 RUNS
702 RUNS
703 RUNS
704 RUNS
705 RUNS
706 RUNS
707 RUNS
708 RUNS
709 RUNS
710 RUNS
711 RUNS
712 RUNS
713 RUNS
714 RUNS
715 RUNS
716 RUNS
717 RUNS
718 RUNS
719 RUNS
720 RUNS
721 RUNS
722 RUNS
723 RUNS
724 RUNS
725 RUNS
726 RUNS
727 RUNS
728 RUNS
729 RUNS
730 RUNS
731 RUNS
732 RUNS
733 RUNS
734 RUNS
735 RUNS
736 RUNS
737 RUNS
738 RUNS
739 RUNS
740 RUNS
741 RUNS
742 RUNS
743 RUNS
744 RUNS
745 RUNS
746 RUNS
747 RUNS
748 RUNS
749 RUNS
750 RUNS
751 RUNS
752 RUNS
753 RUNS
754 RUNS
755 RUNS
756 RUNS
757 RUNS
758 RUNS
759 RUNS
760 RUNS
761 RUNS
762 RUNS
763 RUNS
764 RUNS
765 RUNS
766 RUNS
767 RUNS
768 RUNS
769 RUNS
770 RUNS
771 RUNS
772 RUNS
773 RUNS
774 RUNS
775 RUNS
776 RUNS
777 RUNS
778 RUNS
779 RUNS
780 RUNS
781 RUNS
782 RUNS
783 RUNS
784 RUNS
785 RUNS
786 RUNS
787 RUNS
788 RUNS
789 RUNS
790 RUNS
791 RUNS
792 RUNS
793 RUNS
794 RUNS
795 RUNS
796 RUNS
797 RUNS
798 RUNS
799 RUNS
800 RUNS
801 RUNS
802 RUNS
803 RUNS
804 RUNS
805 RUNS
806 RUNS
807 RUNS
808 RUNS
809 RUNS
810 RUNS
811 RUNS
812 RUNS
813 RUNS
814 RUNS
815 RUNS
816 RUNS
817 RUNS
818 RUNS
819 RUNS
820 RUNS
821 RUNS
822 RUNS
823 RUNS
824 RUNS
825 RUNS
826 RUNS
827 RUNS
828 RUNS
829 RUNS
830 RUNS
831 RUNS
832 RUNS
833 RUNS
834 RUNS
835 RUNS
836 RUNS
837 RUNS
838 RUNS
839 RUNS
840 RUNS
841 RUNS
842 RUNS
843 RUNS
844 RUNS
845 RUNS
846 RUNS
847 RUNS
848 RUNS
849 RUNS
850 RUNS
851 RUNS
852 RUNS
853 RUNS
854 RUNS
855 RUNS
856 RUNS
857 RUNS
858 RUNS
859 RUNS
860 RUNS
861 RUNS
862 RUNS
863 RUNS
864 RUNS
865 RUNS
866 RUNS
867 RUNS
868 RUNS
869 RUNS
870 RUNS
871 RUNS
872 RUNS
873 RUNS
874 RUNS
875 RUNS
876 RUNS
877 RUNS
878 RUNS
879 RUNS
880 RUNS
881 RUNS
882 RUNS
883 RUNS
884 RUNS
885 RUNS
886 RUNS
887 RUNS
888 RUNS
889 RUNS
890 RUNS
891 RUNS
892 RUNS
893 RUNS
894 RUNS
895 RUNS
896 RUNS
897 RUNS
898 RUNS
899 RUNS
900 RUNS
901 RUNS
902 RUNS
903 RUNS
904 RUNS
905 RUNS
906 RUNS
907 RUNS
908 RUNS
909 RUNS
910 RUNS
911 RUNS
912 RUNS
913 RUNS
914 RUNS
915 RUNS
916 RUNS
917 RUNS
918 RUNS
919 RUNS
920 RUNS
921 RUNS
922 RUNS
923 RUNS
924 RUNS
925 RUNS
926 RUNS
927 RUNS
928 RUNS
929 RUNS
930 RUNS
931 RUNS
932 RUNS
933 RUNS
934 RUNS
935 RUNS
936 RUNS
937 RUNS
938 RUNS
939 RUNS
940 RUNS
941 RUNS
942 RUNS
943 RUNS
944 RUNS
945 RUNS
946 RUNS
947 RUNS
948 RUNS
949 RUNS
950 RUNS
951 RUNS
952 RUNS
953 RUNS
954 RUNS
955 RUNS
956 RUNS
957 RUNS
958 RUNS
959 RUNS
960 RUNS
961 RUNS
962 RUNS
963 RUNS
964 RUNS
965 RUNS
966 RUNS
967 RUNS
968 RUNS
969 RUNS
970 RUNS
971 RUNS
972 RUNS
973 RUNS
974 RUNS
975 RUNS
976 RUNS
977 RUNS
978 RUNS
979 RUNS
980 RUNS
981 RUNS
982 RUNS
983 RUNS
984 RUNS
985 RUNS
986 RUNS
987 RUNS
988 RUNS
989 RUNS
990 RUNS
991 RUNS
992 RUNS
993 RUNS
994 RUNS
995 RUNS
996 RUNS
997 RUNS
998 RUNS
999 RUNS
