CHECK: ins=n/a sync tern_thread_begin() turn = 0
CHECK: ins=6 marker
CHECK: ins=7 marker
CHECK: ins=0 load [[ADDR:0x[0-9a-f]+]] = 0
CHECK: ins=2 store [[ADDR]], 10
CHECK: ins=4 load [[ADDR]] = 10
CHECK: ins=7 marker
CHECK: ins=0 load [[ADDR]] = 10
CHECK: ins=2 store [[ADDR]], 20
CHECK: ins=4 load [[ADDR]] = 20
CHECK: ins=7 marker
CHECK: ins=0 load [[ADDR]] = 20
CHECK: ins=2 store [[ADDR]], 30
CHECK: ins=4 load [[ADDR]] = 30
CHECK: ins=7 marker
CHECK: ins=0 load [[ADDR]] = 30
CHECK: ins=2 store [[ADDR]], 40
CHECK: ins=4 load [[ADDR]] = 40
CHECK: ins=7 marker
CHECK: ins=0 load [[ADDR]] = 40
CHECK: ins=2 store [[ADDR]], 50
CHECK: ins=4 load [[ADDR]] = 50
CHECK: ins=7 marker
CHECK: ins=0 load [[ADDR]] = 50
CHECK: ins=2 store [[ADDR]], 60
CHECK: ins=4 load [[ADDR]] = 60
CHECK: ins=7 marker
CHECK: ins=0 load [[ADDR]] = 60
CHECK: ins=2 store [[ADDR]], 70
CHECK: ins=4 load [[ADDR]] = 70
CHECK: ins=7 marker
CHECK: ins=0 load [[ADDR]] = 70
CHECK: ins=2 store [[ADDR]], 80
CHECK: ins=4 load [[ADDR]] = 80
CHECK: ins=7 marker
CHECK: ins=0 load [[ADDR]] = 80
CHECK: ins=2 store [[ADDR]], 90
CHECK: ins=4 load [[ADDR]] = 90
CHECK: ins=7 marker
CHECK: ins=0 load [[ADDR]] = 90
CHECK: ins=2 store [[ADDR]], 100
CHECK: ins=4 load [[ADDR]] = 100
CHECK: ins=7 marker
CHECK: ins=0 load [[ADDR]] = 100
CHECK: ins=2 store [[ADDR]], 110
CHECK: ins=4 load [[ADDR]] = 110
CHECK: ins=10 marker
CHECK: ins=11 marker
CHECK: ins=n/a sync tern_thread_end() turn = 1
CHECK: P ins=6  br label %bb, !ins_id !0
CHECK: P ins=7  %0 = call i32 @foo() nounwind, !ins_id !1       ; <i32> [#uses=1]
CHECK: L idx=3 ins=0 load [[ADDR]] = 0  %0 = load i32* @i, align 4, !ins_id !0          ; <i32> [#uses=1]
CHECK: P ins=1  %1 = add i32 %0, 10, !ins_id !1                 ; <i32> [#uses=1]
CHECK: L idx=4 ins=2 store [[ADDR]], 10  store i32 %1, i32* @i, align 4, !ins_id !2
CHECK: P ins=3  br label %return, !ins_id !3
CHECK: L idx=5 ins=4 load [[ADDR]] = 10  %retval1 = load i32* @i, !ins_id !4             ; <i32> [#uses=1]
CHECK: P ins=5  ret i32 %retval1, !ins_id !5
CHECK: P ins=8  %1 = icmp sle i32 %0, 100, !ins_id !2           ; <i1> [#uses=1]
CHECK: P ins=9  br i1 %1, label %bb, label %bb1, !ins_id !3
CHECK: P ins=7  %0 = call i32 @foo() nounwind, !ins_id !1       ; <i32> [#uses=1]
CHECK: L idx=7 ins=0 load [[ADDR]] = 10  %0 = load i32* @i, align 4, !ins_id !0          ; <i32> [#uses=1]
CHECK: P ins=1  %1 = add i32 %0, 10, !ins_id !1                 ; <i32> [#uses=1]
CHECK: L idx=8 ins=2 store [[ADDR]], 20  store i32 %1, i32* @i, align 4, !ins_id !2
CHECK: P ins=3  br label %return, !ins_id !3
CHECK: L idx=9 ins=4 load [[ADDR]] = 20  %retval1 = load i32* @i, !ins_id !4             ; <i32> [#uses=1]
CHECK: P ins=5  ret i32 %retval1, !ins_id !5
CHECK: P ins=8  %1 = icmp sle i32 %0, 100, !ins_id !2           ; <i1> [#uses=1]
CHECK: P ins=9  br i1 %1, label %bb, label %bb1, !ins_id !3
CHECK: P ins=7  %0 = call i32 @foo() nounwind, !ins_id !1       ; <i32> [#uses=1]
CHECK: L idx=11 ins=0 load [[ADDR]] = 20  %0 = load i32* @i, align 4, !ins_id !0          ; <i32> [#uses=1]
CHECK: P ins=1  %1 = add i32 %0, 10, !ins_id !1                 ; <i32> [#uses=1]
CHECK: L idx=12 ins=2 store [[ADDR]], 30  store i32 %1, i32* @i, align 4, !ins_id !2
CHECK: P ins=3  br label %return, !ins_id !3
CHECK: L idx=13 ins=4 load [[ADDR]] = 30  %retval1 = load i32* @i, !ins_id !4             ; <i32> [#uses=1]
CHECK: P ins=5  ret i32 %retval1, !ins_id !5
CHECK: P ins=8  %1 = icmp sle i32 %0, 100, !ins_id !2           ; <i1> [#uses=1]
CHECK: P ins=9  br i1 %1, label %bb, label %bb1, !ins_id !3
CHECK: P ins=7  %0 = call i32 @foo() nounwind, !ins_id !1       ; <i32> [#uses=1]
CHECK: L idx=15 ins=0 load [[ADDR]] = 30  %0 = load i32* @i, align 4, !ins_id !0          ; <i32> [#uses=1]
CHECK: P ins=1  %1 = add i32 %0, 10, !ins_id !1                 ; <i32> [#uses=1]
CHECK: L idx=16 ins=2 store [[ADDR]], 40  store i32 %1, i32* @i, align 4, !ins_id !2
CHECK: P ins=3  br label %return, !ins_id !3
CHECK: L idx=17 ins=4 load [[ADDR]] = 40  %retval1 = load i32* @i, !ins_id !4             ; <i32> [#uses=1]
CHECK: P ins=5  ret i32 %retval1, !ins_id !5
CHECK: P ins=8  %1 = icmp sle i32 %0, 100, !ins_id !2           ; <i1> [#uses=1]
CHECK: P ins=9  br i1 %1, label %bb, label %bb1, !ins_id !3
CHECK: P ins=7  %0 = call i32 @foo() nounwind, !ins_id !1       ; <i32> [#uses=1]
CHECK: L idx=19 ins=0 load [[ADDR]] = 40  %0 = load i32* @i, align 4, !ins_id !0          ; <i32> [#uses=1]
CHECK: P ins=1  %1 = add i32 %0, 10, !ins_id !1                 ; <i32> [#uses=1]
CHECK: L idx=20 ins=2 store [[ADDR]], 50  store i32 %1, i32* @i, align 4, !ins_id !2
CHECK: P ins=3  br label %return, !ins_id !3
CHECK: L idx=21 ins=4 load [[ADDR]] = 50  %retval1 = load i32* @i, !ins_id !4             ; <i32> [#uses=1]
CHECK: P ins=5  ret i32 %retval1, !ins_id !5
CHECK: P ins=8  %1 = icmp sle i32 %0, 100, !ins_id !2           ; <i1> [#uses=1]
CHECK: P ins=9  br i1 %1, label %bb, label %bb1, !ins_id !3
CHECK: P ins=7  %0 = call i32 @foo() nounwind, !ins_id !1       ; <i32> [#uses=1]
CHECK: L idx=23 ins=0 load [[ADDR]] = 50  %0 = load i32* @i, align 4, !ins_id !0          ; <i32> [#uses=1]
CHECK: P ins=1  %1 = add i32 %0, 10, !ins_id !1                 ; <i32> [#uses=1]
CHECK: L idx=24 ins=2 store [[ADDR]], 60  store i32 %1, i32* @i, align 4, !ins_id !2
CHECK: P ins=3  br label %return, !ins_id !3
CHECK: L idx=25 ins=4 load [[ADDR]] = 60  %retval1 = load i32* @i, !ins_id !4             ; <i32> [#uses=1]
CHECK: P ins=5  ret i32 %retval1, !ins_id !5
CHECK: P ins=8  %1 = icmp sle i32 %0, 100, !ins_id !2           ; <i1> [#uses=1]
CHECK: P ins=9  br i1 %1, label %bb, label %bb1, !ins_id !3
CHECK: P ins=7  %0 = call i32 @foo() nounwind, !ins_id !1       ; <i32> [#uses=1]
CHECK: L idx=27 ins=0 load [[ADDR]] = 60  %0 = load i32* @i, align 4, !ins_id !0          ; <i32> [#uses=1]
CHECK: P ins=1  %1 = add i32 %0, 10, !ins_id !1                 ; <i32> [#uses=1]
CHECK: L idx=28 ins=2 store [[ADDR]], 70  store i32 %1, i32* @i, align 4, !ins_id !2
CHECK: P ins=3  br label %return, !ins_id !3
CHECK: L idx=29 ins=4 load [[ADDR]] = 70  %retval1 = load i32* @i, !ins_id !4             ; <i32> [#uses=1]
CHECK: P ins=5  ret i32 %retval1, !ins_id !5
CHECK: P ins=8  %1 = icmp sle i32 %0, 100, !ins_id !2           ; <i1> [#uses=1]
CHECK: P ins=9  br i1 %1, label %bb, label %bb1, !ins_id !3
CHECK: P ins=7  %0 = call i32 @foo() nounwind, !ins_id !1       ; <i32> [#uses=1]
CHECK: L idx=31 ins=0 load [[ADDR]] = 70  %0 = load i32* @i, align 4, !ins_id !0          ; <i32> [#uses=1]
CHECK: P ins=1  %1 = add i32 %0, 10, !ins_id !1                 ; <i32> [#uses=1]
CHECK: L idx=32 ins=2 store [[ADDR]], 80  store i32 %1, i32* @i, align 4, !ins_id !2
CHECK: P ins=3  br label %return, !ins_id !3
CHECK: L idx=33 ins=4 load [[ADDR]] = 80  %retval1 = load i32* @i, !ins_id !4             ; <i32> [#uses=1]
CHECK: P ins=5  ret i32 %retval1, !ins_id !5
CHECK: P ins=8  %1 = icmp sle i32 %0, 100, !ins_id !2           ; <i1> [#uses=1]
CHECK: P ins=9  br i1 %1, label %bb, label %bb1, !ins_id !3
CHECK: P ins=7  %0 = call i32 @foo() nounwind, !ins_id !1       ; <i32> [#uses=1]
CHECK: L idx=35 ins=0 load [[ADDR]] = 80  %0 = load i32* @i, align 4, !ins_id !0          ; <i32> [#uses=1]
CHECK: P ins=1  %1 = add i32 %0, 10, !ins_id !1                 ; <i32> [#uses=1]
CHECK: L idx=36 ins=2 store [[ADDR]], 90  store i32 %1, i32* @i, align 4, !ins_id !2
CHECK: P ins=3  br label %return, !ins_id !3
CHECK: L idx=37 ins=4 load [[ADDR]] = 90  %retval1 = load i32* @i, !ins_id !4             ; <i32> [#uses=1]
CHECK: P ins=5  ret i32 %retval1, !ins_id !5
CHECK: P ins=8  %1 = icmp sle i32 %0, 100, !ins_id !2           ; <i1> [#uses=1]
CHECK: P ins=9  br i1 %1, label %bb, label %bb1, !ins_id !3
CHECK: P ins=7  %0 = call i32 @foo() nounwind, !ins_id !1       ; <i32> [#uses=1]
CHECK: L idx=39 ins=0 load [[ADDR]] = 90  %0 = load i32* @i, align 4, !ins_id !0          ; <i32> [#uses=1]
CHECK: P ins=1  %1 = add i32 %0, 10, !ins_id !1                 ; <i32> [#uses=1]
CHECK: L idx=40 ins=2 store [[ADDR]], 100  store i32 %1, i32* @i, align 4, !ins_id !2
CHECK: P ins=3  br label %return, !ins_id !3
CHECK: L idx=41 ins=4 load [[ADDR]] = 100  %retval1 = load i32* @i, !ins_id !4             ; <i32> [#uses=1]
CHECK: P ins=5  ret i32 %retval1, !ins_id !5
CHECK: P ins=8  %1 = icmp sle i32 %0, 100, !ins_id !2           ; <i1> [#uses=1]
CHECK: P ins=9  br i1 %1, label %bb, label %bb1, !ins_id !3
CHECK: P ins=7  %0 = call i32 @foo() nounwind, !ins_id !1       ; <i32> [#uses=1]
CHECK: L idx=43 ins=0 load [[ADDR]] = 100  %0 = load i32* @i, align 4, !ins_id !0          ; <i32> [#uses=1]
CHECK: P ins=1  %1 = add i32 %0, 10, !ins_id !1                 ; <i32> [#uses=1]
CHECK: L idx=44 ins=2 store [[ADDR]], 110  store i32 %1, i32* @i, align 4, !ins_id !2
CHECK: P ins=3  br label %return, !ins_id !3
CHECK: L idx=45 ins=4 load [[ADDR]] = 110  %retval1 = load i32* @i, !ins_id !4             ; <i32> [#uses=1]
CHECK: P ins=5  ret i32 %retval1, !ins_id !5
CHECK: P ins=8  %1 = icmp sle i32 %0, 100, !ins_id !2           ; <i1> [#uses=1]
CHECK: P ins=9  br i1 %1, label %bb, label %bb1, !ins_id !3
CHECK: P ins=10  br label %return, !ins_id !4
CHECK: P ins=11  ret i32 0, !ins_id !5
