CHECK: ins=n/a sync tern_thread_begin() turn = 0
CHECK: ins=1 call gettimeofday([[ADDRINDEC:[1-9][0-9]+]], 0, 0 more args)
CHECK: ins=1 ret gettimeofday() = 0
CHECK: ins=3 load [[ADDR:0x[0-9a-f]+]] = [[VALUE:[1-9][0-9]+]]
CHECK: ins=5 marker
CHECK: ins=n/a sync tern_thread_end() turn = 1
CHECK: P ins=0  %FullTime = alloca %struct.timeval, align 8, !ins_id !0 ; <%struct.timeval*> [#uses=2]
CHECK: L idx=1 ins=1 call gettimeofday([[ADDRINDEC]], 0) = 0  %0 = call i32 @gettimeofday(%struct.timeval* noalias %FullTime, i8* noalias null) nounwind, !ins_id !1 ; <i32> [#uses=1]
CHECK: P ins=2  %1 = getelementptr inbounds %struct.timeval* %FullTime, i64 0, i32 1, !ins_id !2 ; <i64*> [#uses=1]
CHECK: L idx=3 ins=3 load [[ADDR]] = [[VALUE]] %2 = load i64* %1, align 8, !ins_id !3          ; <i64> [#uses=0]
CHECK: P ins=4  br label %return, !ins_id !4
CHECK: P ins=5  ret i32 %0, !ins_id !5
